AR mux_32_x_32 behavioral /home/antoniomontgue/antoniomontgue/Downloads/mux_32_x_32.vhd sub00/vhpl19 1701113767
EN som32 NULL /home/antoniomontgue/antoniomontgue/cpu/som32.vhd sub00/vhpl25 1701287361
EN desl_esq NULL /home/antoniomontgue/antoniomontgue/cpu/desl_esq.vhd sub00/vhpl27 1701288159
EN mux2 NULL /home/antoniomontgue/antoniomontgue/Downloads/mux4_vetor/mux2.vhd sub00/vhpl31 1702320776
EN mux4 NULL /home/antoniomontgue/antoniomontgue/Downloads/mux4.vhd sub00/vhpl39 1702320782
EN mux5 NULL /home/antoniomontgue/antoniomontgue/cpu/mux5.vhd sub00/vhpl33 1701716583
EN ula_32bits NULL /home/antoniomontgue/antoniomontgue/cpu/ULA_32bits.vhd sub00/vhpl43 1701888105
AR unidade_controle behavioral /home/antoniomontgue/antoniomontgue/cpu/Unidade_controle.vhd sub00/vhpl38 1701718937
PH tipo NULL /home/antoniomontgue/antoniomontgue/Downloads/tipo.vhd sub00/vhpl17 1701113759
AR bancor behavioral /home/antoniomontgue/antoniomontgue/cpu/bancoR.vhd sub00/vhpl20 1701113769
AR mux4 behavioral /home/antoniomontgue/antoniomontgue/Downloads/mux4.vhd sub00/vhpl40 1702320783
AR desl_esq behavioral /home/antoniomontgue/antoniomontgue/cpu/desl_esq.vhd sub00/vhpl28 1701288160
AR flipflop_dcebs behavioral /home/antoniomontgue/antoniomontgue/cpu/flipflopD.vhd sub00/vhpl10 1700680316
EN ula_1bit NULL /home/antoniomontgue/antoniomontgue/cpu/ULA_1bit.vhd sub00/vhpl41 1702320784
AR decod5_32 behavioral /home/antoniomontgue/antoniomontgue/cpu/decod5_32.vhd sub00/vhpl15 1701113763
AR flipflop_dcebd behavioral /home/antoniomontgue/antoniomontgue/cpu/flipflopDCEBD.vhd sub00/vhpl07 1701113761
AR flipflop_dped behavioral /home/antoniomontgue/antoniomontgue/cpu/flipflopDPED.vhd sub00/vhpl11 1700680318
AR mux2 behavioral /home/antoniomontgue/antoniomontgue/Downloads/mux4_vetor/mux2.vhd sub00/vhpl32 1702320777
AR ula_1bit behavioral /home/antoniomontgue/antoniomontgue/cpu/ULA_1bit.vhd sub00/vhpl42 1702320785
EN or_2 NULL /home/antoniomontgue/antoniomontgue/cpu/or_2.vhd sub00/vhpl04 1702320778
AR desl_esq32 behavioral /home/antoniomontgue/antoniomontgue/cpu/desl_esq32.vhd sub00/vhpl30 1701715031
EN pc NULL /home/antoniomontgue/antoniomontgue/cpu/pc.vhd sub00/vhpl12 1700680319
EN ula32bit NULL /home/antoniomontgue/antoniomontgue/cpu/ULA32bit.vhd sub00/vhpl49 1702320788
EN bancor NULL /home/antoniomontgue/antoniomontgue/cpu/bancoR.vhd sub00/vhpl16 1701113768
AR extensor_sinal behavioral /home/antoniomontgue/antoniomontgue/cpu/extensor_sinal.vhd sub00/vhpl22 1701890673
EN flipflop_dped NULL /home/antoniomontgue/antoniomontgue/cpu/flipflopDPED.vhd sub00/vhpl08 1700680317
AR flipflop_d behavioral /home/antoniomontgue/antoniomontgue/cpu/flipflopD.vhd sub00/vhpl01 1700505753
AR or_32bits behavioral /home/antoniomontgue/antoniomontgue/cpu/or_32bits.vhd sub00/vhpl48 1702320787
EN unidade_controle_ula NULL /home/antoniomontgue/antoniomontgue/cpu/Unidade_controle_ULA.vhd sub00/vhpl45 1701890171
AR som32 behavioral /home/antoniomontgue/antoniomontgue/cpu/som32.vhd sub00/vhpl26 1701287362
EN flipflop_dcebd NULL /home/antoniomontgue/antoniomontgue/cpu/flipflopDCEBD.vhd sub00/vhpl06 1701113760
AR or_2 behavioral /home/antoniomontgue/antoniomontgue/cpu/or_2.vhd sub00/vhpl05 1702320779
EN mux_32_x_32 NULL /home/antoniomontgue/antoniomontgue/Downloads/mux_32_x_32.vhd sub00/vhpl18 1701113766
EN flipflop_dcebs NULL /home/antoniomontgue/antoniomontgue/cpu/flipflopD.vhd sub00/vhpl09 1700680315
EN decod5_32 NULL /home/antoniomontgue/antoniomontgue/cpu/decod5_32.vhd sub00/vhpl14 1701113762
AR mux5 behavioral /home/antoniomontgue/antoniomontgue/cpu/mux5.vhd sub00/vhpl34 1701716584
EN somador NULL /home/antoniomontgue/antoniomontgue/Downloads/SomadorLeo/Somador/Somador.vhd sub00/vhpl23 1702320780
AR registrador_32 behavioral /home/antoniomontgue/antoniomontgue/cpu/registrador_32.vhd sub00/vhpl03 1701113765
EN or_32bits NULL /home/antoniomontgue/antoniomontgue/cpu/or_32bits.vhd sub00/vhpl47 1702320786
EN mux2_32 NULL /home/antoniomontgue/antoniomontgue/cpu/mux2_32.vhd sub00/vhpl35 1701717180
AR somador behavioral /home/antoniomontgue/antoniomontgue/Downloads/SomadorLeo/Somador/Somador.vhd sub00/vhpl24 1702320781
AR ula32bit behavioral /home/antoniomontgue/antoniomontgue/cpu/ULA32bit.vhd sub00/vhpl50 1702320789
AR ula_32bits behavioral /home/antoniomontgue/antoniomontgue/cpu/ULA_32bits.vhd sub00/vhpl44 1701888106
EN flipflop_d NULL /home/antoniomontgue/antoniomontgue/flipflop_as/asffd.vhd sub00/vhpl00 1699473580
EN unidade_controle NULL /home/antoniomontgue/antoniomontgue/cpu/Unidade_controle.vhd sub00/vhpl37 1701718936
EN extensor_sinal NULL /home/antoniomontgue/antoniomontgue/cpu/extensor_sinal.vhd sub00/vhpl21 1701890672
EN desl_esq32 NULL /home/antoniomontgue/antoniomontgue/cpu/desl_esq32.vhd sub00/vhpl29 1701715030
AR pc behavioral /home/antoniomontgue/antoniomontgue/cpu/pc.vhd sub00/vhpl13 1700680320
AR unidade_controle_ula behavioral /home/antoniomontgue/antoniomontgue/cpu/Unidade_controle_ULA.vhd sub00/vhpl46 1701890172
EN registrador_32 NULL /home/antoniomontgue/antoniomontgue/cpu/registrador_32.vhd sub00/vhpl02 1701113764
AR mux2_32 behavioral /home/antoniomontgue/antoniomontgue/cpu/mux2_32.vhd sub00/vhpl36 1701717181
