V3 88
FL /home/antoniomontgue/antoniomontgue/cpu/bancoR.vhd 2023/11/27.16:35:56 P.20131013
EN work/bancoR 1701113768 FL /home/antoniomontgue/antoniomontgue/cpu/bancoR.vhd \
      PB ieee/std_logic_1164 1381692176 PH work/tipo 1701113759
AR work/bancoR/Behavioral 1701113769 \
      FL /home/antoniomontgue/antoniomontgue/cpu/bancoR.vhd EN work/bancoR 1701113768 \
      CP decod5_32 CP registrador_32 CP mux_32_x_32
FL /home/antoniomontgue/antoniomontgue/cpu/decod5_32.vhd 2023/11/27.15:22:57 P.20131013
EN work/decod5_32 1701113762 \
      FL /home/antoniomontgue/antoniomontgue/cpu/decod5_32.vhd \
      PB ieee/std_logic_1164 1381692176 PB ieee/NUMERIC_STD 1381692181
AR work/decod5_32/Behavioral 1701113763 \
      FL /home/antoniomontgue/antoniomontgue/cpu/decod5_32.vhd EN work/decod5_32 1701113762
FL /home/antoniomontgue/antoniomontgue/cpu/desl_esq.vhd 2023/11/29.17:02:35 P.20131013
EN work/desl_esq 1701288159 \
      FL /home/antoniomontgue/antoniomontgue/cpu/desl_esq.vhd \
      PB ieee/std_logic_1164 1381692176
AR work/desl_esq/Behavioral 1701288160 \
      FL /home/antoniomontgue/antoniomontgue/cpu/desl_esq.vhd EN work/desl_esq 1701288159
FL /home/antoniomontgue/antoniomontgue/cpu/desl_esq32.vhd 2023/12/04.15:37:03 P.20131013
EN work/desl_esq32 1701715030 \
      FL /home/antoniomontgue/antoniomontgue/cpu/desl_esq32.vhd \
      PB ieee/std_logic_1164 1381692176
AR work/desl_esq32/Behavioral 1701715031 \
      FL /home/antoniomontgue/antoniomontgue/cpu/desl_esq32.vhd \
      EN work/desl_esq32 1701715030
FL /home/antoniomontgue/antoniomontgue/cpu/extensor_sinal.vhd 2023/11/29.16:03:22 P.20131013
EN work/extensor_sinal 1701890672 \
      FL /home/antoniomontgue/antoniomontgue/cpu/extensor_sinal.vhd \
      PB ieee/std_logic_1164 1381692176
AR work/extensor_sinal/Behavioral 1701890673 \
      FL /home/antoniomontgue/antoniomontgue/cpu/extensor_sinal.vhd \
      EN work/extensor_sinal 1701890672
FL /home/antoniomontgue/antoniomontgue/cpu/flipflopD.vhd 2023/11/22.15:56:06 P.20131013
EN work/flipflop_DCEBS 1700680315 \
      FL /home/antoniomontgue/antoniomontgue/cpu/flipflopD.vhd \
      PB ieee/std_logic_1164 1381692176
AR work/flipflop_DCEBS/Behavioral 1700680316 \
      FL /home/antoniomontgue/antoniomontgue/cpu/flipflopD.vhd \
      EN work/flipflop_DCEBS 1700680315
FL /home/antoniomontgue/antoniomontgue/cpu/flipflopDCEBD.vhd 2023/11/22.15:59:21 P.20131013
EN work/flipflop_dCEBD 1701113760 \
      FL /home/antoniomontgue/antoniomontgue/cpu/flipflopDCEBD.vhd \
      PB ieee/std_logic_1164 1381692176
AR work/flipflop_DCEBD/Behavioral 1701113761 \
      FL /home/antoniomontgue/antoniomontgue/cpu/flipflopDCEBD.vhd \
      EN work/flipflop_dCEBD 1701113760
FL /home/antoniomontgue/antoniomontgue/cpu/flipflopDPED.vhd 2023/11/22.16:04:14 P.20131013
EN work/flipflop_DPED 1700680317 \
      FL /home/antoniomontgue/antoniomontgue/cpu/flipflopDPED.vhd \
      PB ieee/std_logic_1164 1381692176
AR work/flipflop_DPED/Behavioral 1700680318 \
      FL /home/antoniomontgue/antoniomontgue/cpu/flipflopDPED.vhd \
      EN work/flipflop_DPED 1700680317
FL /home/antoniomontgue/antoniomontgue/cpu/mux2_32.vhd 2023/12/04.16:12:54 P.20131013
EN work/mux2_32 1701717180 FL /home/antoniomontgue/antoniomontgue/cpu/mux2_32.vhd \
      PB ieee/std_logic_1164 1381692176
AR work/mux2_32/Behavioral 1701717181 \
      FL /home/antoniomontgue/antoniomontgue/cpu/mux2_32.vhd EN work/mux2_32 1701717180 \
      CP mux2
FL /home/antoniomontgue/antoniomontgue/cpu/mux5.vhd 2023/12/04.16:02:57 P.20131013
EN work/mux5 1701716583 FL /home/antoniomontgue/antoniomontgue/cpu/mux5.vhd \
      PB ieee/std_logic_1164 1381692176
AR work/mux5/Behavioral 1701716584 \
      FL /home/antoniomontgue/antoniomontgue/cpu/mux5.vhd EN work/mux5 1701716583 \
      CP mux2
FL /home/antoniomontgue/antoniomontgue/cpu/or_2.vhd 2023/11/20.15:38:52 P.20131013
EN work/or_2 1702320778 FL /home/antoniomontgue/antoniomontgue/cpu/or_2.vhd \
      PB ieee/std_logic_1164 1381692176
AR work/or_2/Behavioral 1702320779 \
      FL /home/antoniomontgue/antoniomontgue/cpu/or_2.vhd EN work/or_2 1702320778
FL /home/antoniomontgue/antoniomontgue/cpu/or_32bits.vhd 2023/12/06.17:05:20 P.20131013
EN work/or_32bits 1702320786 \
      FL /home/antoniomontgue/antoniomontgue/cpu/or_32bits.vhd \
      PB ieee/std_logic_1164 1381692176
AR work/or_32bits/Behavioral 1702320787 \
      FL /home/antoniomontgue/antoniomontgue/cpu/or_32bits.vhd EN work/or_32bits 1702320786 \
      CP or_2
FL /home/antoniomontgue/antoniomontgue/cpu/pc.vhd 2023/11/22.16:11:43 P.20131013
EN work/pc 1700680319 FL /home/antoniomontgue/antoniomontgue/cpu/pc.vhd \
      PB ieee/std_logic_1164 1381692176
AR work/pc/Behavioral 1700680320 \
      FL /home/antoniomontgue/antoniomontgue/cpu/pc.vhd EN work/pc 1700680319 \
      CP flipflop_dCEBS CP flipflop_dPED
FL /home/antoniomontgue/antoniomontgue/cpu/registrador_32.vhd 2023/11/22.16:04:23 P.20131013
EN work/registrador_32 1701113764 \
      FL /home/antoniomontgue/antoniomontgue/cpu/registrador_32.vhd \
      PB ieee/std_logic_1164 1381692176
AR work/registrador_32/Behavioral 1701113765 \
      FL /home/antoniomontgue/antoniomontgue/cpu/registrador_32.vhd \
      EN work/registrador_32 1701113764 CP flipflop_dCEBD
FL /home/antoniomontgue/antoniomontgue/cpu/som32.vhd 2023/11/29.16:49:16 P.20131013
EN work/som32 1701287361 FL /home/antoniomontgue/antoniomontgue/cpu/som32.vhd \
      PB ieee/std_logic_1164 1381692176
AR work/som32/Behavioral 1701287362 \
      FL /home/antoniomontgue/antoniomontgue/cpu/som32.vhd EN work/som32 1701287361 \
      CP Somador
FL /home/antoniomontgue/antoniomontgue/cpu/ULA32bit.vhd 2023/12/11.15:52:52 P.20131013
EN work/ULA32bit 1702320788 \
      FL /home/antoniomontgue/antoniomontgue/cpu/ULA32bit.vhd \
      PB ieee/std_logic_1164 1381692176
AR work/ULA32bit/Behavioral 1702320789 \
      FL /home/antoniomontgue/antoniomontgue/cpu/ULA32bit.vhd EN work/ULA32bit 1702320788 \
      CP ULA_1bit CP or_32bits
FL /home/antoniomontgue/antoniomontgue/cpu/ULA_1bit.vhd 2023/12/06.16:39:09 P.20131013
EN work/ULA_1bit 1702320784 \
      FL /home/antoniomontgue/antoniomontgue/cpu/ULA_1bit.vhd \
      PB ieee/std_logic_1164 1381692176
AR work/ULA_1bit/Behavioral 1702320785 \
      FL /home/antoniomontgue/antoniomontgue/cpu/ULA_1bit.vhd EN work/ULA_1bit 1702320784 \
      CP mux2 CP Somador CP mux4
FL /home/antoniomontgue/antoniomontgue/cpu/ULA_32bits.vhd 2023/12/06.15:40:42 P.20131013
EN work/ULA_32bits 1701888105 \
      FL /home/antoniomontgue/antoniomontgue/cpu/ULA_32bits.vhd \
      PB ieee/std_logic_1164 1381692176
AR work/ULA_32bits/Behavioral 1701888106 \
      FL /home/antoniomontgue/antoniomontgue/cpu/ULA_32bits.vhd \
      EN work/ULA_32bits 1701888105 CP ULA_1bit
FL /home/antoniomontgue/antoniomontgue/cpu/Unidade_controle.vhd 2023/12/04.16:42:13 P.20131013
EN work/Unidade_controle 1701718936 \
      FL /home/antoniomontgue/antoniomontgue/cpu/Unidade_controle.vhd \
      PB ieee/std_logic_1164 1381692176
AR work/Unidade_controle/Behavioral 1701718937 \
      FL /home/antoniomontgue/antoniomontgue/cpu/Unidade_controle.vhd \
      EN work/Unidade_controle 1701718936
FL /home/antoniomontgue/antoniomontgue/cpu/Unidade_controle_ULA.vhd 2023/12/06.16:16:07 P.20131013
EN work/Unidade_controle_ULA 1701890171 \
      FL /home/antoniomontgue/antoniomontgue/cpu/Unidade_controle_ULA.vhd \
      PB ieee/std_logic_1164 1381692176
AR work/Unidade_controle_ULA/Behavioral 1701890172 \
      FL /home/antoniomontgue/antoniomontgue/cpu/Unidade_controle_ULA.vhd \
      EN work/Unidade_controle_ULA 1701890171
FL /home/antoniomontgue/antoniomontgue/Downloads/mux4.vhd 2023/12/06.16:33:50 P.20131013
EN work/mux4 1702320782 FL /home/antoniomontgue/antoniomontgue/Downloads/mux4.vhd \
      PB ieee/std_logic_1164 1381692176
AR work/mux4/Behavioral 1702320783 \
      FL /home/antoniomontgue/antoniomontgue/Downloads/mux4.vhd EN work/mux4 1702320782 \
      CP mux2
FL /home/antoniomontgue/antoniomontgue/Downloads/mux4_vetor/mux2.vhd 2023/10/04.15:40:44 P.20131013
EN work/mux2 1702320776 \
      FL /home/antoniomontgue/antoniomontgue/Downloads/mux4_vetor/mux2.vhd \
      PB ieee/std_logic_1164 1381692176
AR work/mux2/Behavioral 1702320777 \
      FL /home/antoniomontgue/antoniomontgue/Downloads/mux4_vetor/mux2.vhd \
      EN work/mux2 1702320776
FL /home/antoniomontgue/antoniomontgue/Downloads/mux_32_x_32.vhd 2023/11/08.16:06:08 P.20131013
EN work/mux_32_x_32 1701113766 \
      FL /home/antoniomontgue/antoniomontgue/Downloads/mux_32_x_32.vhd \
      PB ieee/std_logic_1164 1381692176 PB ieee/NUMERIC_STD 1381692181 \
      PH work/tipo 1701113759
AR work/mux_32_x_32/Behavioral 1701113767 \
      FL /home/antoniomontgue/antoniomontgue/Downloads/mux_32_x_32.vhd \
      EN work/mux_32_x_32 1701113766
FL /home/antoniomontgue/antoniomontgue/Downloads/SomadorLeo/Somador/Somador.vhd 2023/09/20.16:20:41 P.20131013
EN work/Somador 1702320780 \
      FL /home/antoniomontgue/antoniomontgue/Downloads/SomadorLeo/Somador/Somador.vhd \
      PB ieee/std_logic_1164 1381692176
AR work/Somador/Behavioral 1702320781 \
      FL /home/antoniomontgue/antoniomontgue/Downloads/SomadorLeo/Somador/Somador.vhd \
      EN work/Somador 1702320780
FL /home/antoniomontgue/antoniomontgue/Downloads/tipo.vhd 2023/11/08.15:32:41 P.20131013
PH work/tipo 1701113759 FL /home/antoniomontgue/antoniomontgue/Downloads/tipo.vhd \
      PB ieee/std_logic_1164 1381692176
FL /home/antoniomontgue/antoniomontgue/flipflop_as/asffd.vhd 2023/11/08.16:58:48 P.20131013
EN work/flipflop_d 1699473580 \
      FL /home/antoniomontgue/antoniomontgue/flipflop_as/asffd.vhd \
      PB ieee/std_logic_1164 1381692176
